// Jest Snapshot v1, https://goo.gl/fbAQLP

exports[`create page should render correctly 1`] = `
<div>
  <div
    className="page-header"
  >
    <div
      className="wrapper"
    >
      <h1>
        Add Expense
      </h1>
    </div>
  </div>
  <div
    className="wrapper"
  >
    <Form
      onSubmit={[MockFunction]}
    />
  </div>
</div>
`;
