// Jest Snapshot v1, https://goo.gl/fbAQLP

exports[`edit page should render correctly 1`] = `
<div>
  <div
    className="page-header"
  >
    <div
      className="wrapper"
    >
      <h1>
        Edit Expense
      </h1>
    </div>
  </div>
  <div
    className="wrapper"
  >
    <Form
      amount={1}
      createdAt={"1970-01-01T00:00:00.000Z"}
      description="Description 1"
      id="1"
      note="Note 1"
      onSubmit={[MockFunction]}
    />
    <button
      className="btn btn--secondary"
      onClick={[MockFunction]}
    >
      Remove Expense
    </button>
  </div>
</div>
`;
