// Jest Snapshot v1, https://goo.gl/fbAQLP

exports[`header should render correctly 1`] = `
<header
  className="header"
>
  <div
    className="wrapper header__container"
  >
    <Link
      className="header__title"
      replace={false}
      to="/dashboard"
    >
      <h1>
        ExpensiFy
      </h1>
    </Link>
    <button
      className="btn btn--link"
      onClick={[MockFunction]}
    >
      Logout
    </button>
  </div>
</header>
`;
